{"timestamp": "2026-03-23T02:01:35.512981+00:00", "level": "INFO", "action": "DOCUMENT_LOADED", "details": "1 pages", "document_name": "bw_doc_1.pdf"}
{"timestamp": "2026-03-23T02:01:35.515488+00:00", "level": "INFO", "action": "TEXT_CLEANED", "details": "Length: 1307", "document_name": "bw_doc_1.pdf"}
{"timestamp": "2026-03-23T02:01:35.948753+00:00", "level": "INFO", "action": "CLASSIFICATION", "details": {"label": "Uncertain", "confidence": 80}, "document_name": "bw_doc_1.pdf"}
{"timestamp": "2026-03-23T02:01:59.984462+00:00", "level": "INFO", "action": "HUMAN_REVIEW", "details": "Decision: Irrelevant", "document_name": "bw_doc_1.pdf"}
{"timestamp": "2026-03-23T02:01:59.986388+00:00", "level": "INFO", "action": "ARCHIVED", "details": "Document archived (Irrelevant)", "document_name": "bw_doc_1.pdf"}
{"timestamp": "2026-03-23T02:01:59.986996+00:00", "level": "INFO", "action": "FINAL_STATUS", "details": "Classification=Uncertain, Decision=Irrelevant", "document_name": "bw_doc_1.pdf"}
{"timestamp": "2026-03-23T02:02:13.313095+00:00", "level": "INFO", "action": "DOCUMENT_LOADED", "details": "2 pages", "document_name": "LOA8.pdf"}
{"timestamp": "2026-03-23T02:02:13.315279+00:00", "level": "INFO", "action": "TEXT_CLEANED", "details": "Length: 8810", "document_name": "LOA8.pdf"}
{"timestamp": "2026-03-23T02:02:13.879763+00:00", "level": "INFO", "action": "CLASSIFICATION", "details": {"label": "Cease", "confidence": 100}, "document_name": "LOA8.pdf"}
{"timestamp": "2026-03-23T02:02:14.415517+00:00", "level": "INFO", "action": "DB_STORED", "details": "Stored in DB (Cease)", "document_name": "LOA8.pdf"}
{"timestamp": "2026-03-23T02:02:14.416807+00:00", "level": "INFO", "action": "FINAL_STATUS", "details": "Classification=Cease, Decision=N/A", "document_name": "LOA8.pdf"}
{"timestamp": "2026-03-23T02:02:16.620207+00:00", "level": "INFO", "action": "DOCUMENT_LOADED", "details": "1 pages", "document_name": "bw_doc_3.pdf"}
{"timestamp": "2026-03-23T02:02:16.621639+00:00", "level": "INFO", "action": "TEXT_CLEANED", "details": "Length: 1086", "document_name": "bw_doc_3.pdf"}
{"timestamp": "2026-03-23T02:02:17.018175+00:00", "level": "INFO", "action": "CLASSIFICATION", "details": {"label": "Uncertain", "confidence": 80}, "document_name": "bw_doc_3.pdf"}
{"timestamp": "2026-03-23T02:02:25.140855+00:00", "level": "INFO", "action": "HUMAN_REVIEW", "details": "Decision: Cease", "document_name": "bw_doc_3.pdf"}
{"timestamp": "2026-03-23T02:02:25.495140+00:00", "level": "INFO", "action": "DB_STORED", "details": "Stored in DB (Cease)", "document_name": "bw_doc_3.pdf"}
{"timestamp": "2026-03-23T02:02:25.496269+00:00", "level": "INFO", "action": "FINAL_STATUS", "details": "Classification=Uncertain, Decision=Cease", "document_name": "bw_doc_3.pdf"}
{"timestamp": "2026-03-23T02:02:28.774483+00:00", "level": "INFO", "action": "DOCUMENT_LOADED", "details": "1 pages", "document_name": "notice_5.pdf"}
{"timestamp": "2026-03-23T02:02:28.775918+00:00", "level": "INFO", "action": "TEXT_CLEANED", "details": "Length: 1049", "document_name": "notice_5.pdf"}
{"timestamp": "2026-03-23T02:02:29.063481+00:00", "level": "INFO", "action": "CLASSIFICATION", "details": {"label": "Uncertain", "confidence": 80}, "document_name": "notice_5.pdf"}
{"timestamp": "2026-03-23T02:02:34.280368+00:00", "level": "INFO", "action": "HUMAN_REVIEW", "details": "Decision: Cease", "document_name": "notice_5.pdf"}
{"timestamp": "2026-03-23T02:02:34.557702+00:00", "level": "INFO", "action": "DB_STORED", "details": "Stored in DB (Cease)", "document_name": "notice_5.pdf"}
{"timestamp": "2026-03-23T02:02:34.558953+00:00", "level": "INFO", "action": "FINAL_STATUS", "details": "Classification=Uncertain, Decision=Cease", "document_name": "notice_5.pdf"}
{"timestamp": "2026-03-23T02:02:53.914986+00:00", "level": "INFO", "action": "DOCUMENT_LOADED", "details": "1 pages", "document_name": "LOA6.pdf"}
{"timestamp": "2026-03-23T02:02:53.916622+00:00", "level": "INFO", "action": "TEXT_CLEANED", "details": "Length: 4216", "document_name": "LOA6.pdf"}
{"timestamp": "2026-03-23T02:02:54.385254+00:00", "level": "INFO", "action": "CLASSIFICATION", "details": {"label": "Cease", "confidence": 100}, "document_name": "LOA6.pdf"}
{"timestamp": "2026-03-23T02:02:54.723380+00:00", "level": "INFO", "action": "DB_STORED", "details": "Stored in DB (Cease)", "document_name": "LOA6.pdf"}
{"timestamp": "2026-03-23T02:02:54.724693+00:00", "level": "INFO", "action": "FINAL_STATUS", "details": "Classification=Cease, Decision=N/A", "document_name": "LOA6.pdf"}
{"timestamp": "2026-03-23T02:02:57.301374+00:00", "level": "INFO", "action": "DOCUMENT_LOADED", "details": "1 pages", "document_name": "notice_4.pdf"}
{"timestamp": "2026-03-23T02:02:57.302805+00:00", "level": "INFO", "action": "TEXT_CLEANED", "details": "Length: 1083", "document_name": "notice_4.pdf"}
{"timestamp": "2026-03-23T02:02:57.643956+00:00", "level": "INFO", "action": "CLASSIFICATION", "details": {"label": "Uncertain", "confidence": 80}, "document_name": "notice_4.pdf"}
{"timestamp": "2026-03-23T02:03:07.142862+00:00", "level": "INFO", "action": "HUMAN_REVIEW", "details": "Decision: Irrelevant", "document_name": "notice_4.pdf"}
{"timestamp": "2026-03-23T02:03:07.144986+00:00", "level": "INFO", "action": "ARCHIVED", "details": "Document archived (Irrelevant)", "document_name": "notice_4.pdf"}
{"timestamp": "2026-03-23T02:03:07.145646+00:00", "level": "INFO", "action": "FINAL_STATUS", "details": "Classification=Uncertain, Decision=Irrelevant", "document_name": "notice_4.pdf"}
{"timestamp": "2026-03-23T02:03:16.620647+00:00", "level": "INFO", "action": "DOCUMENT_LOADED", "details": "1 pages", "document_name": "LOA5.pdf"}
{"timestamp": "2026-03-23T02:03:16.622699+00:00", "level": "INFO", "action": "TEXT_CLEANED", "details": "Length: 3387", "document_name": "LOA5.pdf"}
{"timestamp": "2026-03-23T02:03:16.934806+00:00", "level": "INFO", "action": "CLASSIFICATION", "details": {"label": "Cease", "confidence": 100}, "document_name": "LOA5.pdf"}
{"timestamp": "2026-03-23T02:03:17.324636+00:00", "level": "INFO", "action": "DB_STORED", "details": "Stored in DB (Cease)", "document_name": "LOA5.pdf"}
{"timestamp": "2026-03-23T02:03:17.325845+00:00", "level": "INFO", "action": "FINAL_STATUS", "details": "Classification=Cease, Decision=N/A", "document_name": "LOA5.pdf"}
{"timestamp": "2026-03-23T02:03:24.809010+00:00", "level": "INFO", "action": "DOCUMENT_LOADED", "details": "1 pages", "document_name": "LOA3.pdf"}
{"timestamp": "2026-03-23T02:03:24.810601+00:00", "level": "INFO", "action": "TEXT_CLEANED", "details": "Length: 3397", "document_name": "LOA3.pdf"}
{"timestamp": "2026-03-23T02:03:26.224130+00:00", "level": "INFO", "action": "CLASSIFICATION", "details": {"label": "Cease", "confidence": 100}, "document_name": "LOA3.pdf"}
{"timestamp": "2026-03-23T02:03:35.679931+00:00", "level": "INFO", "action": "DB_STORED", "details": "Stored in DB (Cease)", "document_name": "LOA3.pdf"}
{"timestamp": "2026-03-23T02:03:35.681262+00:00", "level": "INFO", "action": "FINAL_STATUS", "details": "Classification=Cease, Decision=N/A", "document_name": "LOA3.pdf"}
{"timestamp": "2026-03-23T02:03:38.595185+00:00", "level": "INFO", "action": "DOCUMENT_LOADED", "details": "1 pages", "document_name": "notice_3.pdf"}
{"timestamp": "2026-03-23T02:03:38.596613+00:00", "level": "INFO", "action": "TEXT_CLEANED", "details": "Length: 1262", "document_name": "notice_3.pdf"}
{"timestamp": "2026-03-23T02:03:40.958368+00:00", "level": "INFO", "action": "CLASSIFICATION", "details": {"label": "Uncertain", "confidence": 80}, "document_name": "notice_3.pdf"}
{"timestamp": "2026-03-23T02:03:46.825261+00:00", "level": "INFO", "action": "HUMAN_REVIEW", "details": "Decision: Irrelevant", "document_name": "notice_3.pdf"}
{"timestamp": "2026-03-23T02:03:46.827107+00:00", "level": "INFO", "action": "ARCHIVED", "details": "Document archived (Irrelevant)", "document_name": "notice_3.pdf"}
{"timestamp": "2026-03-23T02:03:46.827687+00:00", "level": "INFO", "action": "FINAL_STATUS", "details": "Classification=Uncertain, Decision=Irrelevant", "document_name": "notice_3.pdf"}
{"timestamp": "2026-03-23T02:03:51.883917+00:00", "level": "INFO", "action": "DOCUMENT_LOADED", "details": "1 pages", "document_name": "LOA2.pdf"}
{"timestamp": "2026-03-23T02:03:51.885564+00:00", "level": "INFO", "action": "TEXT_CLEANED", "details": "Length: 3373", "document_name": "LOA2.pdf"}
{"timestamp": "2026-03-23T02:03:52.280184+00:00", "level": "INFO", "action": "CLASSIFICATION", "details": {"label": "Cease", "confidence": 100}, "document_name": "LOA2.pdf"}
{"timestamp": "2026-03-23T02:04:01.703257+00:00", "level": "INFO", "action": "DB_STORED", "details": "Stored in DB (Cease)", "document_name": "LOA2.pdf"}
{"timestamp": "2026-03-23T02:04:01.704364+00:00", "level": "INFO", "action": "FINAL_STATUS", "details": "Classification=Cease, Decision=N/A", "document_name": "LOA2.pdf"}
{"timestamp": "2026-03-23T02:04:18.544721+00:00", "level": "INFO", "action": "DOCUMENT_LOADED", "details": "2 pages", "document_name": "LOA9.pdf"}
{"timestamp": "2026-03-23T02:04:18.547132+00:00", "level": "INFO", "action": "TEXT_CLEANED", "details": "Length: 9197", "document_name": "LOA9.pdf"}
{"timestamp": "2026-03-23T02:04:29.192017+00:00", "level": "INFO", "action": "CLASSIFICATION", "details": {"label": "Cease", "confidence": 100}, "document_name": "LOA9.pdf"}
{"timestamp": "2026-03-23T02:04:54.661769+00:00", "level": "INFO", "action": "DB_STORED", "details": "Stored in DB (Cease)", "document_name": "LOA9.pdf"}
{"timestamp": "2026-03-23T02:04:54.663274+00:00", "level": "INFO", "action": "FINAL_STATUS", "details": "Classification=Cease, Decision=N/A", "document_name": "LOA9.pdf"}
{"timestamp": "2026-03-23T02:04:56.896028+00:00", "level": "INFO", "action": "DOCUMENT_LOADED", "details": "1 pages", "document_name": "bw_doc_5.pdf"}
{"timestamp": "2026-03-23T02:04:56.897320+00:00", "level": "INFO", "action": "TEXT_CLEANED", "details": "Length: 1121", "document_name": "bw_doc_5.pdf"}
{"timestamp": "2026-03-23T02:04:59.201230+00:00", "level": "INFO", "action": "CLASSIFICATION", "details": {"label": "Uncertain", "confidence": 80}, "document_name": "bw_doc_5.pdf"}
{"timestamp": "2026-03-23T02:05:06.202504+00:00", "level": "INFO", "action": "HUMAN_REVIEW", "details": "Decision: Irrelevant", "document_name": "bw_doc_5.pdf"}
{"timestamp": "2026-03-23T02:05:06.204705+00:00", "level": "INFO", "action": "ARCHIVED", "details": "Document archived (Irrelevant)", "document_name": "bw_doc_5.pdf"}
{"timestamp": "2026-03-23T02:05:06.205547+00:00", "level": "INFO", "action": "FINAL_STATUS", "details": "Classification=Uncertain, Decision=Irrelevant", "document_name": "bw_doc_5.pdf"}
{"timestamp": "2026-03-23T02:05:08.958240+00:00", "level": "INFO", "action": "DOCUMENT_LOADED", "details": "1 pages", "document_name": "notice_2.pdf"}
{"timestamp": "2026-03-23T02:05:08.959534+00:00", "level": "INFO", "action": "TEXT_CLEANED", "details": "Length: 1157", "document_name": "notice_2.pdf"}
{"timestamp": "2026-03-23T02:05:09.323583+00:00", "level": "INFO", "action": "CLASSIFICATION", "details": {"label": "Uncertain", "confidence": 80}, "document_name": "notice_2.pdf"}
{"timestamp": "2026-03-23T02:05:18.270847+00:00", "level": "INFO", "action": "HUMAN_REVIEW", "details": "Decision: Irrelevant", "document_name": "notice_2.pdf"}
{"timestamp": "2026-03-23T02:05:18.272855+00:00", "level": "INFO", "action": "ARCHIVED", "details": "Document archived (Irrelevant)", "document_name": "notice_2.pdf"}
{"timestamp": "2026-03-23T02:05:18.273604+00:00", "level": "INFO", "action": "FINAL_STATUS", "details": "Classification=Uncertain, Decision=Irrelevant", "document_name": "notice_2.pdf"}
{"timestamp": "2026-03-23T02:05:21.804728+00:00", "level": "INFO", "action": "DOCUMENT_LOADED", "details": "1 pages", "document_name": "bw_doc_2.pdf"}
{"timestamp": "2026-03-23T02:05:21.806016+00:00", "level": "INFO", "action": "TEXT_CLEANED", "details": "Length: 1048", "document_name": "bw_doc_2.pdf"}
{"timestamp": "2026-03-23T02:05:22.228471+00:00", "level": "INFO", "action": "CLASSIFICATION", "details": {"label": "Uncertain", "confidence": 80}, "document_name": "bw_doc_2.pdf"}
{"timestamp": "2026-03-23T02:05:30.116170+00:00", "level": "INFO", "action": "HUMAN_REVIEW", "details": "Decision: Cease", "document_name": "bw_doc_2.pdf"}
{"timestamp": "2026-03-23T02:05:30.387387+00:00", "level": "INFO", "action": "DB_STORED", "details": "Stored in DB (Cease)", "document_name": "bw_doc_2.pdf"}
{"timestamp": "2026-03-23T02:05:30.388567+00:00", "level": "INFO", "action": "FINAL_STATUS", "details": "Classification=Uncertain, Decision=Cease", "document_name": "bw_doc_2.pdf"}
{"timestamp": "2026-03-23T02:05:37.979540+00:00", "level": "INFO", "action": "DOCUMENT_LOADED", "details": "1 pages", "document_name": "LoA1.pdf"}
{"timestamp": "2026-03-23T02:05:37.980890+00:00", "level": "INFO", "action": "TEXT_CLEANED", "details": "Length: 3329", "document_name": "LoA1.pdf"}
{"timestamp": "2026-03-23T02:05:38.300190+00:00", "level": "INFO", "action": "CLASSIFICATION", "details": {"label": "Cease", "confidence": 100}, "document_name": "LoA1.pdf"}
{"timestamp": "2026-03-23T02:05:38.690191+00:00", "level": "INFO", "action": "DB_STORED", "details": "Stored in DB (Cease)", "document_name": "LoA1.pdf"}
{"timestamp": "2026-03-23T02:05:38.691609+00:00", "level": "INFO", "action": "FINAL_STATUS", "details": "Classification=Cease, Decision=N/A", "document_name": "LoA1.pdf"}
{"timestamp": "2026-03-23T02:06:00.903808+00:00", "level": "INFO", "action": "DOCUMENT_LOADED", "details": "2 pages", "document_name": "LOA7.pdf"}
{"timestamp": "2026-03-23T02:06:00.907111+00:00", "level": "INFO", "action": "TEXT_CLEANED", "details": "Length: 10996", "document_name": "LOA7.pdf"}
{"timestamp": "2026-03-23T02:06:14.628550+00:00", "level": "INFO", "action": "CLASSIFICATION", "details": {"label": "Cease", "confidence": 95}, "document_name": "LOA7.pdf"}
{"timestamp": "2026-03-23T02:06:53.320028+00:00", "level": "INFO", "action": "DB_STORED", "details": "Stored in DB (Cease)", "document_name": "LOA7.pdf"}
{"timestamp": "2026-03-23T02:06:53.321541+00:00", "level": "INFO", "action": "FINAL_STATUS", "details": "Classification=Cease, Decision=N/A", "document_name": "LOA7.pdf"}
{"timestamp": "2026-03-23T02:07:01.337589+00:00", "level": "INFO", "action": "DOCUMENT_LOADED", "details": "1 pages", "document_name": "LOA4.pdf"}
{"timestamp": "2026-03-23T02:07:01.339384+00:00", "level": "INFO", "action": "TEXT_CLEANED", "details": "Length: 3422", "document_name": "LOA4.pdf"}
{"timestamp": "2026-03-23T02:07:04.812545+00:00", "level": "INFO", "action": "CLASSIFICATION", "details": {"label": "Cease", "confidence": 100}, "document_name": "LOA4.pdf"}
{"timestamp": "2026-03-23T02:07:14.280580+00:00", "level": "INFO", "action": "DB_STORED", "details": "Stored in DB (Cease)", "document_name": "LOA4.pdf"}
{"timestamp": "2026-03-23T02:07:14.281850+00:00", "level": "INFO", "action": "FINAL_STATUS", "details": "Classification=Cease, Decision=N/A", "document_name": "LOA4.pdf"}
{"timestamp": "2026-03-23T02:07:17.022917+00:00", "level": "INFO", "action": "DOCUMENT_LOADED", "details": "1 pages", "document_name": "bw_doc_4.pdf"}
{"timestamp": "2026-03-23T02:07:17.023967+00:00", "level": "INFO", "action": "TEXT_CLEANED", "details": "Length: 1089", "document_name": "bw_doc_4.pdf"}
{"timestamp": "2026-03-23T02:07:19.580901+00:00", "level": "INFO", "action": "CLASSIFICATION", "details": {"label": "Uncertain", "confidence": 80}, "document_name": "bw_doc_4.pdf"}
{"timestamp": "2026-03-23T02:07:24.695567+00:00", "level": "INFO", "action": "HUMAN_REVIEW", "details": "Decision: Cease", "document_name": "bw_doc_4.pdf"}
{"timestamp": "2026-03-23T02:07:25.024182+00:00", "level": "INFO", "action": "DB_STORED", "details": "Stored in DB (Cease)", "document_name": "bw_doc_4.pdf"}
{"timestamp": "2026-03-23T02:07:25.025425+00:00", "level": "INFO", "action": "FINAL_STATUS", "details": "Classification=Uncertain, Decision=Cease", "document_name": "bw_doc_4.pdf"}
{"timestamp": "2026-03-23T02:07:29.200186+00:00", "level": "INFO", "action": "DOCUMENT_LOADED", "details": "1 pages", "document_name": "notice_1.pdf"}
{"timestamp": "2026-03-23T02:07:29.201767+00:00", "level": "INFO", "action": "TEXT_CLEANED", "details": "Length: 1414", "document_name": "notice_1.pdf"}
{"timestamp": "2026-03-23T02:07:29.640128+00:00", "level": "INFO", "action": "CLASSIFICATION", "details": {"label": "Uncertain", "confidence": 80}, "document_name": "notice_1.pdf"}
{"timestamp": "2026-03-23T02:07:35.146636+00:00", "level": "INFO", "action": "HUMAN_REVIEW", "details": "Decision: Cease", "document_name": "notice_1.pdf"}
{"timestamp": "2026-03-23T02:07:35.430019+00:00", "level": "INFO", "action": "DB_STORED", "details": "Stored in DB (Cease)", "document_name": "notice_1.pdf"}
{"timestamp": "2026-03-23T02:07:35.431316+00:00", "level": "INFO", "action": "FINAL_STATUS", "details": "Classification=Uncertain, Decision=Cease", "document_name": "notice_1.pdf"}
